
> arthur-siguelo@0.1.0 test:cej
> npx tsx scripts/test-cej.ts

Γùç injected env (15) from .env.local // tip: Γùê secrets for agents [www.dotenvx.com]
Testing CEJ scraper with: 01600-2022-0-0701-JR-CI-06 (parte: MARCOBRE)
CAPSOLVER_API_KEY present: true
TWOCAPTCHA_API_KEY present: true
CHROME_EXECUTABLE_PATH: C:\Program Files\Google\Chrome\Application\chrome.exe
[CEJ] Trying direct access (no Radware captcha)...
[CEJ] Direct access attempt: https://cej.pj.gob.pe/cej/forms/busquedaform.html
[CEJ] After 3s ΓÇö url: https://cej.pj.gob.pe/cej/forms/busquedaform.html  title: CEJ - Consulta de Expedientes Judiciales - B├║squeda de Expedientes
[CEJ] Search URL loaded without Radware ΓÇö proceeding
[CEJ] Trying Tab 2 (Por C├│digo)...
[CEJ] Tab2 fields: exp=01600 anio=2022 dist=0701 organo=JR esp=CI inst=06 parte=MARCOBRE (capAttempt 1)
[CEJ] Tab2 navigated to: https://cej.pj.gob.pe/cej/forms/busquedacodform.html
[CEJ] scrapeResultsPage ΓÇö URL: https://cej.pj.gob.pe/cej/forms/busquedacodform.html
[CEJ] Results page text: Versi├│n 2.5.0 | Toggle navigation | INICIO | VIDEOTUTORIALES | PREGUNTAS FRECUENTES | Fecha: 12/04/2026 Hora: 17:29:59 | Tiempo restante de sesi├│n: 07':57" | Scroll | RESULTADO DE LA B├ÜSQUEDA | Expedientes encontrados: | Coincidencia con datos de la parte: | 01600-2022-0-0701-JR-CI-06 | 6┬░ JUZGADO CIVIL | DEMANDADO: DIRECCION GENERAL DE CAPITANIAS Y GUARDACOSTAS EN ADELANTE LA DICAPI  . DEMANDANTE
[CEJ] On results list page ΓÇö submitting detail form...
[CEJ] Navigated to detail page: https://cej.pj.gob.pe/cej/forms/detalleform.html
[CEJ] detalleform panels: 199 esquinas: 41
[CEJ] Found 0 actuaciones
[CEJ] HTML guardado en debug-detalle.html
[CEJ] Tab2 fields: exp=01600 anio=2022 dist=0701 organo=JR esp=CI inst=06 parte=MARCOBRE (capAttempt 2)
[CEJ] Tab 2 error: page.evaluate: ReferenceError: reloadcode is not defined
    at consultarExpedientes (https://cej.pj.gob.pe/cej/js/filtro-2.3.21.min.js:1:1359)
    at eval (eval at evaluate (:302:30), <anonymous>:1:342)
    at UtilityScript.evaluate (<anonymous>:304:16)
    at UtilityScript.<anonymous> (<anonymous>:1:44)
[CEJ] Trying Tab 1 (Por filtros)...
[CEJ] Tab1 form filled: dist=0701 inst=JR esp=CI anio=2022 nroExp=01600
[CEJ] Tab1 image captcha detected ΓÇö solving...
[CEJ] Tab1 captcha filled: H71T
[CEJ] parte in DOM before Tab1 click: MARCOBRE
[CEJ] ValidarFiltros request body: distritoJudicial=37531&organoJurisdiccional=92624&especialidad=88802&anio=2022&numeroExpediente=01600&codigoCaptcha=H71T&parte=MARCOBRE&navegador=Chrome--146&divKcha=0
[CEJ] ValidarFiltros response: -C
[CEJ] Tab 1 AJAX validation failed: captcha incorrecto
[CEJ] Tab 1 error: Tab1 AJAX failed: captcha incorrecto
[CEJ] Direct access blocked ΓÇö falling back to hCaptcha-solving flow
[CEJ] hCaptcha attempt 1/3 ΓÇö 01600-2022-0-0701-JR-CI-06
[CEJ] Navigating to portal...
[CEJ] Trying Tab 2 (Por C├│digo)...
[CEJ] Tab2 fields: exp=01600 anio=2022 dist=0701 organo=JR esp=CI inst=06 parte=MARCOBRE (capAttempt 1)
[CEJ] Tab2 navigated to: https://cej.pj.gob.pe/cej/forms/busquedacodform.html
[CEJ] scrapeResultsPage ΓÇö URL: https://cej.pj.gob.pe/cej/forms/busquedacodform.html
[CEJ] Results page text: Versi├│n 2.5.0 | Toggle navigation | INICIO | VIDEOTUTORIALES | PREGUNTAS FRECUENTES | Fecha: 12/04/2026 Hora: 17:34:13 | Tiempo restante de sesi├│n: 07':57" | Scroll | RESULTADO DE LA B├ÜSQUEDA | Expedientes encontrados: | Coincidencia con datos de la parte: | 01600-2022-0-0701-JR-CI-06 | 6┬░ JUZGADO CIVIL | DEMANDADO: DIRECCION GENERAL DE CAPITANIAS Y GUARDACOSTAS EN ADELANTE LA DICAPI  . DEMANDANTE
[CEJ] On results list page ΓÇö submitting detail form...
[CEJ] Navigated to detail page: https://cej.pj.gob.pe/cej/forms/detalleform.html
[CEJ] detalleform panels: 199 esquinas: 41
[CEJ] Found 0 actuaciones
[CEJ] HTML guardado en debug-detalle.html
